2026-05-20 10:55:46	Sync initiated – contacting web server...
2026-05-20 10:55:46	[ModelGuidStorage] Stored GUID: e6532118-3741-40d4-afd2-bac67b9f128e
2026-05-20 10:55:46	No one in the sync queue. Proceeding with preliminary check.
2026-05-20 10:55:46	Preliminary sync request sent. Response: {}
2026-05-20 10:55:46	Sync Caption Changed: Committing Transaction
2026-05-20 10:55:46	Sync Caption Changed: Committing Transaction
2026-05-20 10:55:46	Sync Caption Changed: Save the active project back to the Central Model
2026-05-20 10:55:49	Sync Caption Changed: Generating graphics for 00: Sheet: 00 - COX Starting View
2026-05-20 10:55:49	Sync Caption Changed: Generating graphics for 00: Sheet: 00 - COX Starting View
2026-05-20 10:55:49	Sync Caption Changed: Generating graphics for 00: Sheet: 00 - COX Starting View
2026-05-20 10:55:49	Sync Caption Changed: Generating graphics for 00: Sheet: 00 - COX Starting View
2026-05-20 10:55:49	Sync Caption Changed: Generating graphics for 00: Sheet: 00 - COX Starting View
2026-05-20 10:55:49	Sync Caption Changed: Generating graphics for 00: Sheet: 00 - COX Starting View
2026-05-20 10:55:49	Sync Caption Changed: Generating graphics for 00: Sheet: 00 - COX Starting View
2026-05-20 10:55:49	Sync Caption Changed: Generating graphics for 00: Sheet: 00 - COX Starting View
2026-05-20 10:55:49	Sync Caption Changed: Drawing: NP_DD_COX_AR_TOWER & PODIUM_R26.rvt - 00: Sheet: 00 - COX Starting View: 1
2026-05-20 10:55:49	Sync Caption Changed: Drawing: NP_DD_COX_AR_TOWER & PODIUM_R26.rvt - 00: Sheet: 00 - COX Starting View: 1
2026-05-20 10:55:49	Sync Caption Changed: Drawing: NP_DD_COX_AR_TOWER & PODIUM_R26.rvt - 00: Sheet: 00 - COX Starting View: 1
2026-05-20 10:55:49	Sync Caption Changed: Drawing: NP_DD_COX_AR_TOWER & PODIUM_R26.rvt - 00: Sheet: 00 - COX Starting View: 1
2026-05-20 10:55:49	Sync Caption Changed: Drawing: NP_DD_COX_AR_TOWER & PODIUM_R26.rvt - 00: Sheet: 00 - COX Starting View: 1
2026-05-20 10:55:49	Sync Caption Changed: Drawing: NP_DD_COX_AR_TOWER & PODIUM_R26.rvt - 00: Sheet: 00 - COX Starting View: 1
2026-05-20 10:55:49	Sync Caption Changed: Drawing: NP_DD_COX_AR_TOWER & PODIUM_R26.rvt - 00: Sheet: 00 - COX Starting View: 1
2026-05-20 10:55:49	Sync Caption Changed: Committing Transaction
2026-05-20 10:55:49	Sync Caption Changed: Generating graphics for 00: Sheet: 00 - COX Starting View
2026-05-20 10:55:49	Sync Caption Changed: Generating graphics for 00: Sheet: 00 - COX Starting View
2026-05-20 10:55:49	Sync Caption Changed: Generating graphics for 00: Sheet: 00 - COX Starting View
2026-05-20 10:55:49	Sync Caption Changed: Generating graphics for 00: Sheet: 00 - COX Starting View
2026-05-20 10:55:49	Sync Caption Changed: Generating graphics for 00: Sheet: 00 - COX Starting View
2026-05-20 10:55:49	Sync Caption Changed: Generating graphics for 00: Sheet: 00 - COX Starting View
2026-05-20 10:55:49	Sync Caption Changed: Generating graphics for 00: Sheet: 00 - COX Starting View
2026-05-20 10:55:49	Sync Caption Changed: Generating graphics for 00: Sheet: 00 - COX Starting View
2026-05-20 10:55:49	Sync Caption Changed: Committing Transaction
2026-05-20 10:55:49	Sync Caption Changed: Committing Transaction
2026-05-20 10:55:49	Sync Caption Changed: Committing Transaction
2026-05-20 10:55:49	Sync Caption Changed: Committing Transaction
2026-05-20 10:55:49	Sync Caption Changed: Committing Transaction
2026-05-20 10:55:49	Sync Caption Changed: Committing Transaction
2026-05-20 10:55:49	Sync Caption Changed: Committing Transaction
2026-05-20 10:55:49	Sync Caption Changed: Committing Transaction
2026-05-20 10:55:49	Sync Caption Changed: Committing Transaction
2026-05-20 10:55:49	Sync Caption Changed: Committing Transaction
2026-05-20 10:55:49	Sync Caption Changed: Committing Transaction
2026-05-20 10:55:49	Sync Caption Changed: Committing Transaction
2026-05-20 10:55:49	Sync Caption Changed: Committing Transaction
2026-05-20 10:55:49	Sync Caption Changed: Committing Transaction
2026-05-20 10:55:50	Sync Caption Changed: Committing Transaction
2026-05-20 10:55:50	Sync Caption Changed: Committing Transaction
2026-05-20 10:55:50	Sync Caption Changed: Committing Transaction
2026-05-20 10:55:50	Sync Caption Changed: Committing Transaction
2026-05-20 10:55:50	Sync Caption Changed: Committing Transaction
2026-05-20 10:55:50	Sync Caption Changed: Committing Transaction
2026-05-20 10:55:50	Sync Caption Changed: Committing Transaction
2026-05-20 10:55:50	Sync Caption Changed: Committing Transaction
2026-05-20 10:55:50	Sync Caption Changed: Committing Transaction
2026-05-20 10:55:50	Sync Caption Changed: Committing Transaction
2026-05-20 10:55:50	Sync Caption Changed: Committing Transaction
2026-05-20 10:55:50	Sync Caption Changed: Committing Transaction
2026-05-20 10:55:50	Sync Caption Changed: Committing Transaction
2026-05-20 10:55:50	Sync Caption Changed: Committing Transaction
2026-05-20 10:55:50	Sync Caption Changed: Committing Transaction
2026-05-20 10:55:50	Sync Caption Changed: Committing Transaction
2026-05-20 10:55:50	Sync Caption Changed: Committing Transaction
2026-05-20 10:55:50	Sync Caption Changed: Committing Transaction
2026-05-20 10:55:50	Sync Caption Changed: Committing Transaction
2026-05-20 10:55:50	Sync Caption Changed: Committing Transaction
2026-05-20 10:55:50	Sync Caption Changed: Committing Transaction
2026-05-20 10:55:50	Sync Caption Changed: Committing Transaction
2026-05-20 10:55:50	Sync Caption Changed: Committing Transaction
2026-05-20 10:55:50	Sync Caption Changed: Committing Transaction
2026-05-20 10:55:50	Sync Caption Changed: Committing Transaction
2026-05-20 10:55:50	Sync Caption Changed: Committing Transaction
2026-05-20 10:55:50	Sync Caption Changed: Committing Transaction
2026-05-20 10:55:50	Sync Caption Changed: Drawing: NP_DD_COX_AR_TOWER & PODIUM_R26.rvt - 00: Sheet: 00 - COX Starting View
2026-05-20 10:55:50	Sync Caption Changed: Drawing: NP_DD_COX_AR_TOWER & PODIUM_R26.rvt - 00: Sheet: 00 - COX Starting View
2026-05-20 10:55:51	Sync Caption Changed: Saving NP_DD_COX_AR_TOWER & PODIUM_R26.rvt
2026-05-20 10:55:55	Sync Caption Changed: Saving NP_DD_COX_AR_TOWER & PODIUM_R26.rvt
2026-05-20 10:55:55	Sync Caption Changed: Saving NP_DD_COX_AR_TOWER & PODIUM_R26.rvt
2026-05-20 10:55:55	Sync Caption Changed: Saving NP_DD_COX_AR_TOWER & PODIUM_R26.rvt
2026-05-20 10:55:55	Sync Caption Changed: Saving NP_DD_COX_AR_TOWER & PODIUM_R26.rvt
2026-05-20 10:55:55	Sync Caption Changed: Saving NP_DD_COX_AR_TOWER & PODIUM_R26.rvt
2026-05-20 10:55:55	Sync Caption Changed: Saving NP_DD_COX_AR_TOWER & PODIUM_R26.rvt
2026-05-20 10:55:55	Sync Caption Changed: Saving NP_DD_COX_AR_TOWER & PODIUM_R26.rvt
2026-05-20 10:55:55	Sync Caption Changed: Saving NP_DD_COX_AR_TOWER & PODIUM_R26.rvt
2026-05-20 10:55:55	Sync Caption Changed: Saving NP_DD_COX_AR_TOWER & PODIUM_R26.rvt
2026-05-20 10:55:55	Sync Caption Changed: Saving NP_DD_COX_AR_TOWER & PODIUM_R26.rvt
2026-05-20 10:55:55	Sync Caption Changed: Saving NP_DD_COX_AR_TOWER & PODIUM_R26.rvt
2026-05-20 10:55:55	Sync Caption Changed: Saving NP_DD_COX_AR_TOWER & PODIUM_R26.rvt
2026-05-20 10:55:55	Sync Caption Changed: Saving NP_DD_COX_AR_TOWER & PODIUM_R26.rvt
2026-05-20 10:55:55	Sync Caption Changed: Saving NP_DD_COX_AR_TOWER & PODIUM_R26.rvt
2026-05-20 10:55:55	Sync Caption Changed: Saving NP_DD_COX_AR_TOWER & PODIUM_R26.rvt
2026-05-20 10:55:55	Sync Caption Changed: Saving NP_DD_COX_AR_TOWER & PODIUM_R26.rvt
2026-05-20 10:55:55	Sync Caption Changed: Saving NP_DD_COX_AR_TOWER & PODIUM_R26.rvt
2026-05-20 10:55:55	Sync Caption Changed: Saving NP_DD_COX_AR_TOWER & PODIUM_R26.rvt
2026-05-20 10:55:55	Sync Caption Changed: Saving NP_DD_COX_AR_TOWER & PODIUM_R26.rvt
2026-05-20 10:55:55	Sync Caption Changed: Saving NP_DD_COX_AR_TOWER & PODIUM_R26.rvt
2026-05-20 10:55:55	Sync Caption Changed: Saving NP_DD_COX_AR_TOWER & PODIUM_R26.rvt
2026-05-20 10:55:55	Sync Caption Changed: Saving NP_DD_COX_AR_TOWER & PODIUM_R26.rvt
2026-05-20 10:55:55	Sync Caption Changed: Saving NP_DD_COX_AR_TOWER & PODIUM_R26.rvt
2026-05-20 10:55:55	Sync Caption Changed: Saving NP_DD_COX_AR_TOWER & PODIUM_R26.rvt
2026-05-20 10:55:55	Sync Caption Changed: Saving NP_DD_COX_AR_TOWER & PODIUM_R26.rvt
2026-05-20 10:55:55	Sync Caption Changed: Saving NP_DD_COX_AR_TOWER & PODIUM_R26.rvt
2026-05-20 10:55:55	Sync Caption Changed: Saving NP_DD_COX_AR_TOWER & PODIUM_R26.rvt
2026-05-20 10:55:55	Sync Caption Changed: Saving NP_DD_COX_AR_TOWER & PODIUM_R26.rvt
2026-05-20 10:55:55	Sync Caption Changed: Saving NP_DD_COX_AR_TOWER & PODIUM_R26.rvt
2026-05-20 10:55:55	Sync Caption Changed: Saving NP_DD_COX_AR_TOWER & PODIUM_R26.rvt
2026-05-20 10:55:55	Sync Caption Changed: Saving NP_DD_COX_AR_TOWER & PODIUM_R26.rvt
2026-05-20 10:55:55	Sync Caption Changed: Saving NP_DD_COX_AR_TOWER & PODIUM_R26.rvt
2026-05-20 10:55:55	Sync Caption Changed: Saving NP_DD_COX_AR_TOWER & PODIUM_R26.rvt
2026-05-20 10:55:55	Sync Caption Changed: Saving NP_DD_COX_AR_TOWER & PODIUM_R26.rvt
2026-05-20 10:55:55	Sync Caption Changed: Saving NP_DD_COX_AR_TOWER & PODIUM_R26.rvt
2026-05-20 10:55:55	Sync Caption Changed: Saving NP_DD_COX_AR_TOWER & PODIUM_R26.rvt
2026-05-20 10:55:55	Sync Caption Changed: Saving NP_DD_COX_AR_TOWER & PODIUM_R26.rvt
2026-05-20 10:55:55	Sync Caption Changed: Saving NP_DD_COX_AR_TOWER & PODIUM_R26.rvt
2026-05-20 10:55:55	Sync Caption Changed: Saving NP_DD_COX_AR_TOWER & PODIUM_R26.rvt
2026-05-20 10:55:55	Sync Caption Changed: Saving NP_DD_COX_AR_TOWER & PODIUM_R26.rvt
2026-05-20 10:55:55	Sync Caption Changed: Saving NP_DD_COX_AR_TOWER & PODIUM_R26.rvt
2026-05-20 10:55:55	Sync Caption Changed: Saving NP_DD_COX_AR_TOWER & PODIUM_R26.rvt
2026-05-20 10:55:55	Sync Caption Changed: Saving NP_DD_COX_AR_TOWER & PODIUM_R26.rvt
2026-05-20 10:55:55	Sync Caption Changed: Saving NP_DD_COX_AR_TOWER & PODIUM_R26.rvt
2026-05-20 10:55:55	Sync Caption Changed: Saving NP_DD_COX_AR_TOWER & PODIUM_R26.rvt
2026-05-20 10:55:55	Sync Caption Changed: Saving NP_DD_COX_AR_TOWER & PODIUM_R26.rvt
2026-05-20 10:55:55	Sync Caption Changed: Saving NP_DD_COX_AR_TOWER & PODIUM_R26.rvt
2026-05-20 10:55:55	Sync Caption Changed: Saving NP_DD_COX_AR_TOWER & PODIUM_R26.rvt
2026-05-20 10:55:55	Sync Caption Changed: Saving NP_DD_COX_AR_TOWER & PODIUM_R26.rvt
2026-05-20 10:55:55	Sync Caption Changed: Saving NP_DD_COX_AR_TOWER & PODIUM_R26.rvt
2026-05-20 10:55:55	Sync Caption Changed: Saving NP_DD_COX_AR_TOWER & PODIUM_R26.rvt
2026-05-20 10:55:55	Sync Caption Changed: Saving NP_DD_COX_AR_TOWER & PODIUM_R26.rvt
2026-05-20 10:55:55	Sync Caption Changed: Saving NP_DD_COX_AR_TOWER & PODIUM_R26.rvt
2026-05-20 10:55:55	Sync Caption Changed: Saving NP_DD_COX_AR_TOWER & PODIUM_R26.rvt
2026-05-20 10:55:55	Sync Caption Changed: Saving NP_DD_COX_AR_TOWER & PODIUM_R26.rvt
2026-05-20 10:55:55	Sync Caption Changed: Saving NP_DD_COX_AR_TOWER & PODIUM_R26.rvt
2026-05-20 10:55:55	Sync Caption Changed: Saving NP_DD_COX_AR_TOWER & PODIUM_R26.rvt
2026-05-20 10:55:55	Sync Caption Changed: Saving NP_DD_COX_AR_TOWER & PODIUM_R26.rvt
2026-05-20 10:55:55	Sync Caption Changed: Saving NP_DD_COX_AR_TOWER & PODIUM_R26.rvt
2026-05-20 10:55:55	Sync Caption Changed: Saving NP_DD_COX_AR_TOWER & PODIUM_R26.rvt
2026-05-20 10:55:55	Sync Caption Changed: Saving NP_DD_COX_AR_TOWER & PODIUM_R26.rvt
2026-05-20 10:55:55	Sync Caption Changed: Saving NP_DD_COX_AR_TOWER & PODIUM_R26.rvt
2026-05-20 10:55:55	Sync Caption Changed: Saving NP_DD_COX_AR_TOWER & PODIUM_R26.rvt
2026-05-20 10:55:55	Sync Caption Changed: Saving NP_DD_COX_AR_TOWER & PODIUM_R26.rvt
2026-05-20 10:55:56	Sync Caption Changed: Saving NP_DD_COX_AR_TOWER & PODIUM_R26.rvt
2026-05-20 10:55:56	Sync Caption Changed: Saving NP_DD_COX_AR_TOWER & PODIUM_R26.rvt
2026-05-20 10:55:56	Sync Caption Changed: Saving NP_DD_COX_AR_TOWER & PODIUM_R26.rvt
2026-05-20 10:55:56	Sync Caption Changed: Saving NP_DD_COX_AR_TOWER & PODIUM_R26.rvt
2026-05-20 10:55:56	Sync Caption Changed: Saving NP_DD_COX_AR_TOWER & PODIUM_R26.rvt
2026-05-20 10:55:56	Sync Caption Changed: Saving NP_DD_COX_AR_TOWER & PODIUM_R26.rvt
2026-05-20 10:55:56	Sync Caption Changed: Saving NP_DD_COX_AR_TOWER & PODIUM_R26.rvt
2026-05-20 10:55:56	Sync Caption Changed: Saving NP_DD_COX_AR_TOWER & PODIUM_R26.rvt
2026-05-20 10:55:56	Sync Caption Changed: Saving NP_DD_COX_AR_TOWER & PODIUM_R26.rvt
2026-05-20 10:55:56	Sync Caption Changed: Saving NP_DD_COX_AR_TOWER & PODIUM_R26.rvt
2026-05-20 10:55:56	Sync Caption Changed: Saving NP_DD_COX_AR_TOWER & PODIUM_R26.rvt
2026-05-20 10:55:56	Sync Caption Changed: Saving NP_DD_COX_AR_TOWER & PODIUM_R26.rvt
2026-05-20 10:55:56	Sync Caption Changed: Saving NP_DD_COX_AR_TOWER & PODIUM_R26.rvt
2026-05-20 10:55:56	Sync Caption Changed: Saving NP_DD_COX_AR_TOWER & PODIUM_R26.rvt
2026-05-20 10:55:56	Sync Caption Changed: Saving NP_DD_COX_AR_TOWER & PODIUM_R26.rvt
2026-05-20 10:55:56	Sync Caption Changed: Saving NP_DD_COX_AR_TOWER & PODIUM_R26.rvt
2026-05-20 10:55:56	Sync Caption Changed: Saving NP_DD_COX_AR_TOWER & PODIUM_R26.rvt
2026-05-20 10:55:56	Sync Caption Changed: Saving NP_DD_COX_AR_TOWER & PODIUM_R26.rvt
2026-05-20 10:55:56	Sync Caption Changed: Saving NP_DD_COX_AR_TOWER & PODIUM_R26.rvt
2026-05-20 10:55:56	Sync Caption Changed: Saving NP_DD_COX_AR_TOWER & PODIUM_R26.rvt
2026-05-20 10:55:56	Sync Caption Changed: Saving NP_DD_COX_AR_TOWER & PODIUM_R26.rvt
2026-05-20 10:55:56	Sync Caption Changed: Saving NP_DD_COX_AR_TOWER & PODIUM_R26.rvt
2026-05-20 10:55:56	Sync Caption Changed: Saving NP_DD_COX_AR_TOWER & PODIUM_R26.rvt
2026-05-20 10:55:56	Sync Caption Changed: Saving NP_DD_COX_AR_TOWER & PODIUM_R26.rvt
2026-05-20 10:55:56	Sync Caption Changed: Saving NP_DD_COX_AR_TOWER & PODIUM_R26.rvt
2026-05-20 10:55:56	Sync Caption Changed: Saving NP_DD_COX_AR_TOWER & PODIUM_R26.rvt
2026-05-20 10:55:56	Sync Caption Changed: Saving NP_DD_COX_AR_TOWER & PODIUM_R26.rvt
2026-05-20 10:55:56	Sync Caption Changed: Saving NP_DD_COX_AR_TOWER & PODIUM_R26.rvt
2026-05-20 10:55:56	Sync Caption Changed: Saving NP_DD_COX_AR_TOWER & PODIUM_R26.rvt
2026-05-20 10:55:56	Sync Caption Changed: Saving NP_DD_COX_AR_TOWER & PODIUM_R26.rvt
2026-05-20 10:55:56	Sync Caption Changed: Saving NP_DD_COX_AR_TOWER & PODIUM_R26.rvt
2026-05-20 10:55:56	Sync Caption Changed: Saving NP_DD_COX_AR_TOWER & PODIUM_R26.rvt
2026-05-20 10:55:56	Sync Caption Changed: Saving NP_DD_COX_AR_TOWER & PODIUM_R26.rvt
2026-05-20 10:55:56	Sync Caption Changed: Saving NP_DD_COX_AR_TOWER & PODIUM_R26.rvt
2026-05-20 10:55:56	Sync Caption Changed: Saving NP_DD_COX_AR_TOWER & PODIUM_R26.rvt
2026-05-20 10:55:56	Sync Caption Changed: Saving NP_DD_COX_AR_TOWER & PODIUM_R26.rvt
2026-05-20 10:55:56	Sync Caption Changed: Saving NP_DD_COX_AR_TOWER & PODIUM_R26.rvt
2026-05-20 10:55:58	Sync Caption Changed: Saving NP_DD_COX_AR_TOWER & PODIUM_R26.rvt
2026-05-20 10:55:59	Sync Caption Changed: Save the active project back to the Central Model
2026-05-20 10:55:59	Sync Caption Changed: Open an existing project
2026-05-20 10:55:59	Detected 'Save to Local'. Releasing queue early via ProgressChanged event!
2026-05-20 10:55:59	Sync finished – contacting web server...
2026-05-20 10:55:59	[ModelGuidStorage] Stored GUID: e6532118-3741-40d4-afd2-bac67b9f128e
2026-05-20 10:55:59	Post sync request sent. Response: {}
2026-05-20 10:57:00	Sync initiated – contacting web server...
2026-05-20 10:57:00	[ModelGuidStorage] Stored GUID: e6532118-3741-40d4-afd2-bac67b9f128e
2026-05-20 10:57:00	Queue exists, current user (Aaron.Woodward) is not first. Showing alert.
2026-05-20 10:57:04	User chose: Join Queue & Auto-Sync.
2026-05-20 10:57:04	Failed to open web queue URL: An error occurred trying to start process 'https://labs.cox.com.au/perseus/../syncboat/guid/e6532118-3741-40d4-afd2-bac67b9f128e' with working directory 'C:\Program Files\Autodesk\Revit 2026'. The system cannot find the file specified.
2026-05-20 10:57:04	[ModelGuidStorage] Stored GUID: e6532118-3741-40d4-afd2-bac67b9f128e
2026-05-20 10:57:04	Auto-Sync Poller started for e6532118-3741-40d4-afd2-bac67b9f128e. Waiting for our turn...
